Version identifier: 22.2.0.0 | 2026-05-04 | 5dff98e58
CPXPARAM_Read_DataCheck                          1
CPXPARAM_Threads                                 1
CPXPARAM_TimeLimit                               300
Tried aggregator 2 times.
MIP Presolve eliminated 6 rows and 4 columns.
MIP Presolve modified 8 coefficients.
Aggregator did 1 substitutions.
Reduced MIP has 22 rows, 20 columns, and 63 nonzeros.
Reduced MIP has 8 binaries, 0 generals, 0 SOSs, and 0 indicators.
Presolve time = 0.00 sec. (0.08 ticks)
Found incumbent of value 34.000000 after 0.00 sec. (0.10 ticks)
Probing time = 0.00 sec. (0.01 ticks)
Tried aggregator 1 time.
Detecting symmetries...
Reduced MIP has 22 rows, 20 columns, and 63 nonzeros.
Reduced MIP has 20 binaries, 0 generals, 0 SOSs, and 0 indicators.
Presolve time = 0.00 sec. (0.05 ticks)
Probing time = 0.00 sec. (0.01 ticks)
Clique table members: 14.
MIP emphasis: balance optimality and feasibility.
MIP search method: dynamic search.
Parallel mode: none, using 1 thread.
Root relaxation solution time = 0.00 sec. (0.03 ticks)

        Nodes                                         Cuts/
   Node  Left     Objective  IInf  Best Integer    Best Bound    ItCnt     Gap

*     0+    0                           34.0000        1.0000            97.06%
      0     0       13.6667     7       34.0000       13.6667        6   59.80%
*     0+    0                           16.0000       13.6667            14.58%
      0     0        cutoff             16.0000                      6    0.00%
Elapsed time = 0.00 sec. (0.26 ticks, tree = 0.01 MB, solutions = 2)

Root node processing (before b&c):
  Real time             =    0.00 sec. (0.27 ticks)
Sequential b&c:
  Real time             =    0.00 sec. (0.00 ticks)
                          ------------
Total (root+branch&cut) =    0.00 sec. (0.27 ticks)


====================================================
TSRSP RESULTS
====================================================
INSTANCE     : example1
SOLVER       : cplex
MODEL        : GW
CLIQUE       : a

N_VERTICES   : 9
N_EDGES      : 16
N_LAYERS     : 3

BIN_VARS     : 9
CONT_VARS    : 16
CONSTRAINTS  : 29

MIP_STATUS   : integer optimal solution
UB           : 16.00
LB           : 16.00
MIP_GAP      : 0.00
MIP_TIME     : 0.00
NODES        : 0

LP_STATUS    : optimal
LP_VALUE     : 8.50
LP_TIME      : 0.00
LP_GAP_%     : 46.88
