Version identifier: 22.2.0.0 | 2026-05-04 | 5dff98e58
CPXPARAM_Read_DataCheck                          1
CPXPARAM_Threads                                 1
CPXPARAM_TimeLimit                               300
Found incumbent of value 18.000000 after 0.00 sec. (0.00 ticks)
Tried aggregator 1 time.
MIP Presolve eliminated 2 rows and 0 columns.
MIP Presolve added 32 rows and 16 columns.
MIP Presolve modified 4 coefficients.
Reduced MIP has 43 rows, 25 columns, and 93 nonzeros.
Reduced MIP has 25 binaries, 0 generals, 0 SOSs, and 0 indicators.
Presolve time = 0.00 sec. (0.02 ticks)
Probing time = 0.00 sec. (0.02 ticks)
Tried aggregator 2 times.
MIP Presolve eliminated 17 rows and 1 columns.
MIP Presolve modified 4 coefficients.
Aggregator did 4 substitutions.
Reduced MIP has 22 rows, 20 columns, and 63 nonzeros.
Reduced MIP has 20 binaries, 0 generals, 0 SOSs, and 0 indicators.
Presolve time = 0.00 sec. (0.10 ticks)
Probing time = 0.00 sec. (0.02 ticks)
Tried aggregator 1 time.
Detecting symmetries...
Reduced MIP has 22 rows, 20 columns, and 63 nonzeros.
Reduced MIP has 20 binaries, 0 generals, 0 SOSs, and 0 indicators.
Presolve time = 0.00 sec. (0.05 ticks)
Classifier predicts products in MIQP should be linearized.
Probing time = 0.00 sec. (0.01 ticks)
Clique table members: 14.
MIP emphasis: balance optimality and feasibility.
MIP search method: dynamic search.
Parallel mode: none, using 1 thread.
Root relaxation solution time = 0.00 sec. (0.03 ticks)

        Nodes                                         Cuts/
   Node  Left     Objective  IInf  Best Integer    Best Bound    ItCnt     Gap

*     0+    0                           18.0000        1.0000            94.44%
      0     0       13.6667     7       18.0000       13.6667        6   24.07%
*     0+    0                           16.0000       13.6667            14.58%
      0     0        cutoff             16.0000                      6    0.00%
Elapsed time = 0.00 sec. (0.35 ticks, tree = 0.01 MB, solutions = 2)

Root node processing (before b&c):
  Real time             =    0.00 sec. (0.35 ticks)
Sequential b&c:
  Real time             =    0.00 sec. (0.00 ticks)
                          ------------
Total (root+branch&cut) =    0.00 sec. (0.35 ticks)


====================================================
TSRSP RESULTS
====================================================
INSTANCE     : example1
SOLVER       : cplex
MODEL        : Q
CLIQUE       : a

N_VERTICES   : 9
N_EDGES      : 16
N_LAYERS     : 3

BIN_VARS     : 9
CONT_VARS    : 0
CONSTRAINTS  : 13

MIP_STATUS   : integer optimal solution
UB           : 16.00
LB           : 16.00
MIP_GAP      : 0.00
MIP_TIME     : 0.01
NODES        : 0

LP_STATUS    : NOT_AVAILABLE
LP_VALUE     : 
LP_TIME      : 
LP_GAP_%     : 
