
Gurobi 13.0.0 (linux64) logging started Mon Jun 15 12:39:40 2026

Set parameter OutputFlag to value 1
Gurobi Optimizer version 13.0.0 build v13.0.0rc1 (linux64 - "Ubuntu 22.04.5 LTS")

CPU model: Intel(R) Xeon(R) Gold 5418Y, instruction set [SSE2|AVX|AVX2|AVX512]
Thread count: 10 physical cores, 10 logical processors, using up to 10 threads

Non-default parameters:
TimeLimit  300
LogToConsole  0

Optimize a model with 12 rows, 9 columns and 38 nonzeros (Min)
Model fingerprint: 0x80def2d6
Model has 9 linear objective coefficients
Model has 16 quadratic objective terms
Variable types: 0 continuous, 9 integer (9 binary)
Coefficient statistics:
  Matrix range     [1e+00, 2e+00]
  Objective range  [1e+00, 7e+00]
  QObjective range [2e+00, 2e+01]
  Bounds range     [1e+00, 1e+00]
  RHS range        [1e+00, 2e+00]
Presolve removed 1 rows and 1 columns
Presolve time: 0.00s
Presolved: 24 rows, 21 columns, 71 nonzeros
Variable types: 0 continuous, 21 integer (21 binary)
Found heuristic solution: objective 40.0000000
Found heuristic solution: objective 36.0000000
Found heuristic solution: objective 30.0000000
Found heuristic solution: objective 16.0000000

Explored 1 nodes (0 simplex iterations) in 0.00 seconds (0.00 work units)
Thread count was 10 (of 10 available processors)

Solution count 4: 16 30 36 40 

Optimal solution found (tolerance 1.00e-04)
Best objective 1.600000000000e+01, best bound 1.600000000000e+01, gap 0.0000%


====================================================
TSRSP RESULTS
====================================================
INSTANCE     : example1
SOLVER       : gurobi
MODEL        : Q
CLIQUE       : b

N_VERTICES   : 9
N_EDGES      : 16
N_LAYERS     : 3

BIN_VARS     : 9
CONT_VARS    : 0
CONSTRAINTS  : 12

MIP_STATUS   : OPTIMAL
UB           : 16.00
LB           : 16.00
MIP_GAP      : 0.00
MIP_TIME     : 0.00
NODES        : 1

LP_STATUS    : NOT_AVAILABLE
LP_VALUE     : 
LP_TIME      : 
LP_GAP_%     : 
