Version identifier: 22.2.0.0 | 2026-05-04 | 5dff98e58
CPXPARAM_Read_DataCheck                          1
CPXPARAM_Threads                                 1
CPXPARAM_TimeLimit                               300
Tried aggregator 2 times.
MIP Presolve eliminated 2 rows and 4 columns.
Aggregator did 3 substitutions.
Reduced MIP has 7 rows, 18 columns, and 38 nonzeros.
Reduced MIP has 18 binaries, 0 generals, 0 SOSs, and 0 indicators.
Presolve time = 0.00 sec. (0.06 ticks)
Found incumbent of value 34.000000 after 0.00 sec. (0.10 ticks)
Probing time = 0.00 sec. (0.03 ticks)
Tried aggregator 2 times.
MIP Presolve eliminated 0 rows and 1 columns.
Aggregator did 1 substitutions.
Reduced MIP has 6 rows, 16 columns, and 35 nonzeros.
Reduced MIP has 16 binaries, 0 generals, 0 SOSs, and 0 indicators.
Presolve time = 0.00 sec. (0.04 ticks)
Probing time = 0.00 sec. (0.02 ticks)
Tried aggregator 1 time.
Detecting symmetries...
Reduced MIP has 6 rows, 16 columns, and 35 nonzeros.
Reduced MIP has 16 binaries, 0 generals, 0 SOSs, and 0 indicators.
Presolve time = 0.00 sec. (0.02 ticks)
Probing time = 0.00 sec. (0.02 ticks)
Clique table members: 77.
MIP emphasis: balance optimality and feasibility.
MIP search method: dynamic search.
Parallel mode: none, using 1 thread.
Root relaxation solution time = 0.00 sec. (0.01 ticks)

        Nodes                                         Cuts/
   Node  Left     Objective  IInf  Best Integer    Best Bound    ItCnt     Gap

*     0+    0                           34.0000        4.0000            88.24%
      0     0       12.5000     1       34.0000       12.5000        1   63.24%
*     0+    0                           18.0000       12.5000            30.56%
*     0+    0                           16.0000       12.5000            21.87%
      0     0        cutoff             16.0000                      1    0.00%
Elapsed time = 0.00 sec. (0.34 ticks, tree = 0.01 MB, solutions = 3)

Root node processing (before b&c):
  Real time             =    0.00 sec. (0.34 ticks)
Sequential b&c:
  Real time             =    0.00 sec. (0.00 ticks)
                          ------------
Total (root+branch&cut) =    0.00 sec. (0.34 ticks)


====================================================
TSRSP RESULTS
====================================================
INSTANCE     : example1
SOLVER       : cplex
MODEL        : S
CLIQUE       : None

N_VERTICES   : 9
N_EDGES      : 16
N_LAYERS     : 3

BIN_VARS     : 25
CONT_VARS    : 0
CONSTRAINTS  : 12

MIP_STATUS   : integer optimal solution
UB           : 16.00
LB           : 16.00
MIP_GAP      : 0.00
MIP_TIME     : 0.01
NODES        : 0

LP_STATUS    : optimal
LP_VALUE     : 12.50
LP_TIME      : 0.00
LP_GAP_%     : 21.88
