Version identifier: 22.2.0.0 | 2026-05-04 | 5dff98e58
CPXPARAM_Read_DataCheck                          1
CPXPARAM_Threads                                 1
CPXPARAM_TimeLimit                               300
Tried aggregator 2 times.
MIP Presolve eliminated 11 rows and 0 columns.
MIP Presolve added 2 rows and 0 columns.
MIP Presolve modified 25 coefficients.
Aggregator did 1 substitutions.
Reduced MIP has 20 rows, 17 columns, and 77 nonzeros.
Reduced MIP has 8 binaries, 0 generals, 0 SOSs, and 0 indicators.
Presolve time = 0.00 sec. (0.14 ticks)
Found incumbent of value 30.000000 after 0.00 sec. (0.15 ticks)
Probing time = 0.00 sec. (0.02 ticks)
Tried aggregator 1 time.
Detecting symmetries...
MIP Presolve modified 1 coefficients.
Reduced MIP has 20 rows, 17 columns, and 76 nonzeros.
Reduced MIP has 8 binaries, 9 generals, 0 SOSs, and 0 indicators.
Presolve time = 0.00 sec. (0.07 ticks)
Probing time = 0.00 sec. (0.02 ticks)
Clique table members: 13.
MIP emphasis: balance optimality and feasibility.
MIP search method: dynamic search.
Parallel mode: none, using 1 thread.
Root relaxation solution time = 0.00 sec. (0.04 ticks)

        Nodes                                         Cuts/
   Node  Left     Objective  IInf  Best Integer    Best Bound    ItCnt     Gap

*     0+    0                           30.0000        1.0000            96.67%
      0     0       11.5036     9       30.0000       11.5036       10   61.65%
*     0+    0                           23.0000       11.5036            49.98%
*     0     0      integral     0       16.0000      Cuts: 14       18    0.00%
      0     0        cutoff             16.0000       16.0000       18    0.00%
Elapsed time = 0.00 sec. (0.54 ticks, tree = 0.01 MB, solutions = 3)

Implied bound cuts applied:  7
Mixed integer rounding cuts applied:  2
Gomory fractional cuts applied:  1

Root node processing (before b&c):
  Real time             =    0.00 sec. (0.54 ticks)
Sequential b&c:
  Real time             =    0.00 sec. (0.00 ticks)
                          ------------
Total (root+branch&cut) =    0.00 sec. (0.54 ticks)


====================================================
TSRSP RESULTS
====================================================
INSTANCE     : example1
SOLVER       : cplex
MODEL        : G
CLIQUE       : b

N_VERTICES   : 9
N_EDGES      : 16
N_LAYERS     : 3

BIN_VARS     : 9
CONT_VARS    : 9
CONSTRAINTS  : 30

MIP_STATUS   : integer optimal solution
UB           : 16.00
LB           : 16.00
MIP_GAP      : 0.00
MIP_TIME     : 0.01
NODES        : 0

LP_STATUS    : optimal
LP_VALUE     : 8.20
LP_TIME      : 0.00
LP_GAP_%     : 48.73
