Version identifier: 22.2.0.0 | 2026-05-04 | 5dff98e58
CPXPARAM_Read_DataCheck                          1
CPXPARAM_Threads                                 1
CPXPARAM_TimeLimit                               300
Tried aggregator 2 times.
Aggregator did 4 substitutions.
Reduced MIP has 8 rows, 28 columns, and 56 nonzeros.
Reduced MIP has 28 binaries, 0 generals, 0 SOSs, and 0 indicators.
Presolve time = 0.00 sec. (0.06 ticks)
Found incumbent of value 310.000000 after 0.00 sec. (0.12 ticks)
Probing time = 0.00 sec. (0.04 ticks)
Tried aggregator 1 time.
Detecting symmetries...
Reduced MIP has 8 rows, 28 columns, and 56 nonzeros.
Reduced MIP has 28 binaries, 0 generals, 0 SOSs, and 0 indicators.
Presolve time = 0.00 sec. (0.05 ticks)
Probing time = 0.00 sec. (0.04 ticks)
Clique table members: 106.
MIP emphasis: balance optimality and feasibility.
MIP search method: dynamic search.
Parallel mode: none, using 1 thread.
Root relaxation solution time = 0.00 sec. (0.03 ticks)

        Nodes                                         Cuts/
   Node  Left     Objective  IInf  Best Integer    Best Bound    ItCnt     Gap

*     0+    0                          310.0000        0.0000           100.00%
      0     0       10.0000     2      310.0000       10.0000        3   96.77%
*     0+    0                          110.0000       10.0000            90.91%
      0     0       11.6667     5      110.0000      Cuts: 17        7   89.39%
*     0+    0                           20.0000       11.6667            41.67%
      0     0        cutoff             20.0000       11.6667        7   41.67%
Elapsed time = 0.00 sec. (0.46 ticks, tree = 0.01 MB, solutions = 3)

GUB cover cuts applied:  3
Clique cuts applied:  1
Cover cuts applied:  3
Mixed integer rounding cuts applied:  2
Zero-half cuts applied:  1
Gomory fractional cuts applied:  1

Root node processing (before b&c):
  Real time             =    0.00 sec. (0.46 ticks)
Sequential b&c:
  Real time             =    0.00 sec. (0.00 ticks)
                          ------------
Total (root+branch&cut) =    0.00 sec. (0.46 ticks)


====================================================
TSRSP RESULTS
====================================================
INSTANCE     : example2
SOLVER       : cplex
MODEL        : S
CLIQUE       : None

N_VERTICES   : 8
N_EDGES      : 24
N_LAYERS     : 4

BIN_VARS     : 32
CONT_VARS    : 0
CONSTRAINTS  : 12

MIP_STATUS   : integer optimal solution
UB           : 20.00
LB           : 20.00
MIP_GAP      : 0.00
MIP_TIME     : 0.01
NODES        : 0

LP_STATUS    : optimal
LP_VALUE     : 10.00
LP_TIME      : 0.00
LP_GAP_%     : 50.00
