Version identifier: 22.2.0.0 | 2026-05-04 | 5dff98e58
CPXPARAM_Read_DataCheck                          1
CPXPARAM_Threads                                 1
CPXPARAM_TimeLimit                               300
Tried aggregator 2 times.
MIP Presolve eliminated 21 rows and 22 columns.
Aggregator did 4 substitutions.
Reduced MIP has 3 rows, 6 columns, and 9 nonzeros.
Reduced MIP has 3 binaries, 0 generals, 0 SOSs, and 0 indicators.
Presolve time = 0.00 sec. (0.03 ticks)
Found incumbent of value 30.000000 after 0.00 sec. (0.04 ticks)
Probing time = 0.00 sec. (0.00 ticks)
Tried aggregator 1 time.
MIP Presolve eliminated 3 rows and 6 columns.
MIP Presolve modified 1 coefficients.
All rows and columns eliminated.
Presolve time = 0.00 sec. (0.01 ticks)

Root node processing (before b&c):
  Real time             =    0.00 sec. (0.05 ticks)
Sequential b&c:
  Real time             =    0.00 sec. (0.00 ticks)
                          ------------
Total (root+branch&cut) =    0.00 sec. (0.05 ticks)


====================================================
TSRSP RESULTS
====================================================
INSTANCE     : example2
SOLVER       : cplex
MODEL        : GW
CLIQUE       : None

N_VERTICES   : 8
N_EDGES      : 24
N_LAYERS     : 4

BIN_VARS     : 8
CONT_VARS    : 24
CONSTRAINTS  : 28

MIP_STATUS   : integer optimal solution
UB           : 20.00
LB           : 20.00
MIP_GAP      : 0.00
MIP_TIME     : 0.00
NODES        : 0

LP_STATUS    : optimal
LP_VALUE     : 15.00
LP_TIME      : 0.00
LP_GAP_%     : 25.00
