Version identifier: 22.2.0.0 | 2026-05-04 | 5dff98e58
CPXPARAM_Read_DataCheck                          1
CPXPARAM_Threads                                 1
CPXPARAM_TimeLimit                               300
Found incumbent of value 20.000000 after 0.00 sec. (0.00 ticks)
Tried aggregator 2 times.
MIP Presolve eliminated 13 rows and 6 columns.
MIP Presolve modified 6 coefficients.
Aggregator did 4 substitutions.
Reduced MIP has 3 rows, 6 columns, and 12 nonzeros.
Reduced MIP has 3 binaries, 0 generals, 0 SOSs, and 0 indicators.
Presolve time = 0.00 sec. (0.02 ticks)
Probing time = 0.00 sec. (0.00 ticks)
Tried aggregator 1 time.
Detecting symmetries...
Reduced MIP has 3 rows, 6 columns, and 12 nonzeros.
Reduced MIP has 3 binaries, 3 generals, 0 SOSs, and 0 indicators.
Presolve time = 0.00 sec. (0.01 ticks)
Probing time = 0.00 sec. (0.00 ticks)
MIP emphasis: balance optimality and feasibility.
MIP search method: dynamic search.
Parallel mode: none, using 1 thread.
Root relaxation solution time = 0.00 sec. (0.01 ticks)

        Nodes                                         Cuts/
   Node  Left     Objective  IInf  Best Integer    Best Bound    ItCnt     Gap

*     0+    0                           20.0000        0.0000           100.00%
      0     0       15.0000     3       20.0000       15.0000        3   25.00%
      0     0        cutoff             20.0000       15.0000        3   25.00%
Elapsed time = 0.00 sec. (0.05 ticks, tree = 0.01 MB, solutions = 1)

Root node processing (before b&c):
  Real time             =    0.00 sec. (0.05 ticks)
Sequential b&c:
  Real time             =    0.00 sec. (0.00 ticks)
                          ------------
Total (root+branch&cut) =    0.00 sec. (0.05 ticks)


====================================================
TSRSP RESULTS
====================================================
INSTANCE     : example2
SOLVER       : cplex
MODEL        : G
CLIQUE       : None

N_VERTICES   : 8
N_EDGES      : 24
N_LAYERS     : 4

BIN_VARS     : 8
CONT_VARS    : 8
CONSTRAINTS  : 20

MIP_STATUS   : integer optimal solution
UB           : 20.00
LB           : 20.00
MIP_GAP      : 0.00
MIP_TIME     : 0.00
NODES        : 0

LP_STATUS    : optimal
LP_VALUE     : 12.00
LP_TIME      : 0.00
LP_GAP_%     : 40.00
