Version identifier: 22.2.0.0 | 2026-05-04 | 5dff98e58
CPXPARAM_Read_DataCheck                          1
CPXPARAM_Threads                                 1
CPXPARAM_TimeLimit                               300
Found incumbent of value 600.000000 after 0.00 sec. (0.00 ticks)
Found incumbent of value 300.000000 after 0.00 sec. (0.00 ticks)
Tried aggregator 2 times.
MIP Presolve eliminated 0 rows and 1 columns.
MIP Presolve added 6 rows and 3 columns.
Aggregator did 4 substitutions.
Reduced MIP has 6 rows, 6 columns, and 12 nonzeros.
Reduced MIP has 6 binaries, 0 generals, 0 SOSs, and 0 indicators.
Presolve time = 0.00 sec. (0.01 ticks)
Probing time = 0.00 sec. (0.00 ticks)
Tried aggregator 1 time.
MIP Presolve eliminated 6 rows and 6 columns.
MIP Presolve modified 1 coefficients.
All rows and columns eliminated.
Presolve time = 0.00 sec. (0.01 ticks)

Root node processing (before b&c):
  Real time             =    0.00 sec. (0.02 ticks)
Sequential b&c:
  Real time             =    0.00 sec. (0.00 ticks)
                          ------------
Total (root+branch&cut) =    0.00 sec. (0.02 ticks)


====================================================
TSRSP RESULTS
====================================================
INSTANCE     : example2
SOLVER       : cplex
MODEL        : Q
CLIQUE       : None

N_VERTICES   : 8
N_EDGES      : 24
N_LAYERS     : 4

BIN_VARS     : 8
CONT_VARS    : 0
CONSTRAINTS  : 4

MIP_STATUS   : integer optimal solution
UB           : 20.00
LB           : 20.00
MIP_GAP      : 0.00
MIP_TIME     : 0.00
NODES        : 0

LP_STATUS    : NOT_AVAILABLE
LP_VALUE     : 
LP_TIME      : 
LP_GAP_%     : 
