
Gurobi 13.0.0 (linux64) logging started Mon Jun 15 12:39:57 2026

Set parameter OutputFlag to value 1
Gurobi Optimizer version 13.0.0 build v13.0.0rc1 (linux64 - "Ubuntu 22.04.5 LTS")

CPU model: Intel(R) Xeon(R) Gold 5418Y, instruction set [SSE2|AVX|AVX2|AVX512]
Thread count: 10 physical cores, 10 logical processors, using up to 10 threads

Non-default parameters:
TimeLimit  300
LogToConsole  0

Optimize a model with 9 rows, 17 columns and 34 nonzeros (Min)
Model fingerprint: 0x88f06d61
Model has 17 linear objective coefficients
Variable types: 0 continuous, 17 integer (17 binary)
Coefficient statistics:
  Matrix range     [1e+00, 2e+00]
  Objective range  [1e+00, 2e+01]
  Bounds range     [1e+00, 1e+00]
  RHS range        [1e+00, 1e+00]
Found heuristic solution: objective 64.0000000
Presolve removed 5 rows and 7 columns
Presolve time: 0.00s
Presolved: 4 rows, 10 columns, 24 nonzeros
Variable types: 0 continuous, 10 integer (10 binary)

Root relaxation: objective 2.100000e+01, 3 iterations, 0.00 seconds (0.00 work units)

    Nodes    |    Current Node    |     Objective Bounds      |     Work
 Expl Unexpl |  Obj  Depth IntInf | Incumbent    BestBd   Gap | It/Node Time

*    0     0               0      21.0000000   21.00000  0.00%     -    0s

Explored 1 nodes (3 simplex iterations) in 0.01 seconds (0.00 work units)
Thread count was 10 (of 10 available processors)

Solution count 2: 21 64 

Optimal solution found (tolerance 1.00e-04)
Best objective 2.100000000000e+01, best bound 2.100000000000e+01, gap 0.0000%


====================================================
TSRSP RESULTS
====================================================
INSTANCE     : example3
SOLVER       : gurobi
MODEL        : S
CLIQUE       : None

N_VERTICES   : 6
N_EDGES      : 11
N_LAYERS     : 3

BIN_VARS     : 17
CONT_VARS    : 0
CONSTRAINTS  : 9

MIP_STATUS   : OPTIMAL
UB           : 21.00
LB           : 21.00
MIP_GAP      : 0.00
MIP_TIME     : 0.01
NODES        : 1

LP_STATUS    : OPTIMAL
LP_VALUE     : 21.00
LP_TIME      : 0.00
LP_GAP_%     : 0.00
