Version identifier: 22.2.0.0 | 2026-05-04 | 5dff98e58
CPXPARAM_Read_DataCheck                          1
CPXPARAM_Threads                                 1
CPXPARAM_TimeLimit                               300
Tried aggregator 2 times.
MIP Presolve eliminated 14 rows and 9 columns.
MIP Presolve modified 19 coefficients.
Aggregator did 3 substitutions.
All rows and columns eliminated.
Presolve time = 0.00 sec. (0.04 ticks)

Root node processing (before b&c):
  Real time             =    0.00 sec. (0.04 ticks)
Sequential b&c:
  Real time             =    0.00 sec. (0.00 ticks)
                          ------------
Total (root+branch&cut) =    0.00 sec. (0.04 ticks)


====================================================
TSRSP RESULTS
====================================================
INSTANCE     : example3
SOLVER       : cplex
MODEL        : G
CLIQUE       : b

N_VERTICES   : 6
N_EDGES      : 11
N_LAYERS     : 3

BIN_VARS     : 6
CONT_VARS    : 6
CONSTRAINTS  : 17

MIP_STATUS   : integer optimal solution
UB           : 21.00
LB           : 21.00
MIP_GAP      : 0.00
MIP_TIME     : 0.00
NODES        : 0

LP_STATUS    : optimal
LP_VALUE     : 14.29
LP_TIME      : 0.00
LP_GAP_%     : 31.97
