
Gurobi 13.0.0 (linux64) logging started Mon Jun 15 12:39:57 2026

Set parameter OutputFlag to value 1
Gurobi Optimizer version 13.0.0 build v13.0.0rc1 (linux64 - "Ubuntu 22.04.5 LTS")

CPU model: Intel(R) Xeon(R) Gold 5418Y, instruction set [SSE2|AVX|AVX2|AVX512]
Thread count: 10 physical cores, 10 logical processors, using up to 10 threads

Non-default parameters:
TimeLimit  300
LogToConsole  0

Optimize a model with 17 rows, 12 columns and 50 nonzeros (Min)
Model fingerprint: 0xd9289515
Model has 12 linear objective coefficients
Variable types: 6 continuous, 6 integer (6 binary)
Coefficient statistics:
  Matrix range     [1e+00, 5e+01]
  Objective range  [5e-01, 2e+01]
  Bounds range     [1e+00, 1e+00]
  RHS range        [1e+00, 5e+01]
Presolve removed 17 rows and 12 columns
Presolve time: 0.00s
Presolve: All rows and columns removed

Explored 0 nodes (0 simplex iterations) in 0.00 seconds (0.00 work units)
Thread count was 1 (of 10 available processors)

Solution count 1: 21 

Optimal solution found (tolerance 1.00e-04)
Best objective 2.100000000000e+01, best bound 2.100000000000e+01, gap 0.0000%


====================================================
TSRSP RESULTS
====================================================
INSTANCE     : example3
SOLVER       : gurobi
MODEL        : G
CLIQUE       : b

N_VERTICES   : 6
N_EDGES      : 11
N_LAYERS     : 3

BIN_VARS     : 6
CONT_VARS    : 6
CONSTRAINTS  : 17

MIP_STATUS   : OPTIMAL
UB           : 21.00
LB           : 21.00
MIP_GAP      : 0.00
MIP_TIME     : 0.00
NODES        : 0

LP_STATUS    : OPTIMAL
LP_VALUE     : 14.29
LP_TIME      : 0.00
LP_GAP_%     : 31.97
