Version identifier: 22.2.0.0 | 2026-05-04 | 5dff98e58
CPXPARAM_Read_DataCheck                          1
CPXPARAM_Threads                                 1
CPXPARAM_TimeLimit                               300
Tried aggregator 2 times.
Aggregator did 3 substitutions.
Reduced MIP has 6 rows, 14 columns, and 28 nonzeros.
Reduced MIP has 14 binaries, 0 generals, 0 SOSs, and 0 indicators.
Presolve time = 0.00 sec. (0.03 ticks)
Found incumbent of value 21.000000 after 0.00 sec. (0.06 ticks)
Probing time = 0.00 sec. (0.02 ticks)
Tried aggregator 2 times.
MIP Presolve eliminated 0 rows and 2 columns.
Aggregator did 2 substitutions.
Reduced MIP has 4 rows, 10 columns, and 24 nonzeros.
Reduced MIP has 10 binaries, 0 generals, 0 SOSs, and 0 indicators.
Presolve time = 0.00 sec. (0.03 ticks)
Probing time = 0.00 sec. (0.01 ticks)
Tried aggregator 1 time.
Detecting symmetries...
Reduced MIP has 4 rows, 10 columns, and 24 nonzeros.
Reduced MIP has 10 binaries, 0 generals, 0 SOSs, and 0 indicators.
Presolve time = 0.00 sec. (0.01 ticks)
Probing time = 0.00 sec. (0.01 ticks)
Clique table members: 19.
MIP emphasis: balance optimality and feasibility.
MIP search method: dynamic search.
Parallel mode: none, using 1 thread.
Root relaxation solution time = 0.00 sec. (0.01 ticks)

        Nodes                                         Cuts/
   Node  Left     Objective  IInf  Best Integer    Best Bound    ItCnt     Gap

*     0+    0                           21.0000        7.0000            66.67%
      0     0        cutoff             21.0000                      2    0.00%

Root node processing (before b&c):
  Real time             =    0.00 sec. (0.20 ticks)
Sequential b&c:
  Real time             =    0.00 sec. (0.00 ticks)
                          ------------
Total (root+branch&cut) =    0.00 sec. (0.20 ticks)


====================================================
TSRSP RESULTS
====================================================
INSTANCE     : example3
SOLVER       : cplex
MODEL        : S
CLIQUE       : None

N_VERTICES   : 6
N_EDGES      : 11
N_LAYERS     : 3

BIN_VARS     : 17
CONT_VARS    : 0
CONSTRAINTS  : 9

MIP_STATUS   : integer optimal solution
UB           : 21.00
LB           : 21.00
MIP_GAP      : 0.00
MIP_TIME     : 0.01
NODES        : 0

LP_STATUS    : optimal
LP_VALUE     : 21.00
LP_TIME      : 0.00
LP_GAP_%     : 0.00
